2026-06-29 16:49:04,732 INFO     
2026-06-29 16:49:04,732 INFO     ========== AMFI ==========
2026-06-29 16:49:05,093 INFO     Running AMFI extractor...
2026-06-29 16:49:05,124 INFO     Total Documents Found : 56
2026-06-29 16:49:05,125 INFO     Already Processed     : 56
2026-06-29 16:49:05,125 INFO     No new documents found.
2026-06-29 16:54:51,751 INFO     
2026-06-29 16:54:51,751 INFO     ========== AMFI ==========
2026-06-29 16:54:52,688 INFO     Running AMFI extractor...
2026-06-29 16:54:52,718 INFO     Total Documents Found : 56
2026-06-29 16:54:52,718 INFO     Already Processed     : 56
2026-06-29 16:54:52,718 INFO     No new documents found.
2026-06-29 16:58:59,192 INFO     
2026-06-29 16:58:59,192 INFO     ========== AMFI ==========
2026-06-29 16:58:59,956 INFO     Running AMFI extractor...
2026-06-29 16:59:00,031 INFO     Total Documents Found : 56
2026-06-29 16:59:00,032 INFO     Already Processed     : 56
2026-06-29 16:59:00,032 INFO     No new documents found.
2026-06-30 10:24:52,090 INFO     
2026-06-30 10:24:52,091 INFO     ========== AMFI ==========
2026-06-30 10:24:52,962 INFO     Running AMFI extractor...
2026-06-30 10:24:53,040 INFO     Total Documents Found : 56
2026-06-30 10:24:53,041 INFO     Already Processed     : 56
2026-06-30 10:24:53,041 INFO     No new documents found.
