2026-07-07 15:15:03,496 INFO     
2026-07-07 15:15:03,497 INFO     ========== BSE ==========
2026-07-07 15:15:04,317 INFO     Total Circulars Found : 15
2026-07-07 15:15:05,694 INFO     Already Processed     : 10
2026-07-07 15:15:05,694 INFO     Saving : 20260707-15_Change in Name of the company - LGT Business Connextions Ltd.pdf
2026-07-07 15:15:05,792 INFO     Saving : 20260707-14_Change in Name of the company - Credent Global Finance Ltd.pdf
2026-07-07 15:15:05,882 INFO     Saving : 20260707-13_Change in Name of the company - Citizen Infoline Ltd.pdf
2026-07-07 15:15:05,978 INFO     Saving : 20260707-12_Change in Name of Company - MIDWEST GOLD LIMITED.pdf
2026-07-07 15:15:06,076 INFO     Saving : 20260707-11_Suspension of Trading in Mutual Fund Schemes of Trust Mutual Fund.pdf
2026-07-07 15:15:06,176 INFO     
2026-07-07 15:15:06,177 INFO     BSE Summary
2026-07-07 15:15:06,177 INFO     --------------------------
2026-07-07 15:15:06,177 INFO     Total Circulars Found : 15
2026-07-07 15:15:06,178 INFO     Already Processed     : 10
2026-07-07 15:15:06,178 INFO     Downloaded            : 5
2026-07-07 15:15:06,178 INFO     Failed                : 0
2026-07-07 15:18:04,628 INFO     
2026-07-07 15:18:04,628 INFO     ========== BSE ==========
2026-07-07 15:18:05,676 INFO     Total Circulars Found : 15
2026-07-07 15:18:06,975 INFO     Already Processed     : 15
2026-07-07 15:18:06,975 INFO     No new circulars found.
2026-07-07 15:21:52,875 INFO     
2026-07-07 15:21:52,875 INFO     ========== BSE ==========
2026-07-07 15:21:53,705 INFO     Total Circulars Found : 15
2026-07-07 15:21:55,010 INFO     Already Processed     : 15
2026-07-07 15:21:55,010 INFO     No new circulars found.
2026-07-07 15:28:20,762 INFO     
2026-07-07 15:28:20,763 INFO     ========== BSE ==========
2026-07-07 15:28:21,881 INFO     Total Circulars Found : 17
2026-07-07 15:28:23,449 INFO     Already Processed     : 15
2026-07-07 15:28:23,450 INFO     Saving : 20260707-17_Suspension of Trading in Debentures of ADITYA BIRLA SUN LIFE INSURANCE COMPANY LIMITED.pdf
2026-07-07 15:28:23,574 INFO     Saving : 20260707-16_No Dealings in Partly Paid Equity Shares PRABHA ENERGY LIMITED (Scrip Code_890236).pdf
2026-07-07 15:28:23,684 INFO     
2026-07-07 15:28:23,684 INFO     BSE Summary
2026-07-07 15:28:23,685 INFO     --------------------------
2026-07-07 15:28:23,685 INFO     Total Circulars Found : 17
2026-07-07 15:28:23,685 INFO     Already Processed     : 15
2026-07-07 15:28:23,686 INFO     Downloaded            : 2
2026-07-07 15:28:23,686 INFO     Failed                : 0
2026-07-07 15:30:47,239 INFO     
2026-07-07 15:30:47,240 INFO     ========== BSE ==========
2026-07-07 15:30:48,256 INFO     Total Circulars Found : 17
2026-07-07 15:30:49,939 INFO     Already Processed     : 17
2026-07-07 15:30:49,939 INFO     No new circulars found.
2026-07-07 15:44:12,253 INFO     
2026-07-07 15:44:12,254 INFO     ========== BSE ==========
2026-07-07 15:44:13,171 INFO     Total Circulars Found : 20
2026-07-07 15:44:15,035 INFO     Already Processed     : 17
2026-07-07 15:44:15,036 INFO     Saving : 20260707-20_Listing of New Securities of Orient Tradelink Ltd..pdf
2026-07-07 15:44:15,146 INFO     Saving : 20260707-19_New ISIN Number of MANGALAM WORLDWIDE LTD (Scrip Code_ 544764).pdf
2026-07-07 15:44:15,243 INFO     Saving : 20260707-18_Part Redemption of Debentures of Companies.pdf
2026-07-07 15:44:15,346 INFO     
2026-07-07 15:44:15,347 INFO     BSE Summary
2026-07-07 15:44:15,347 INFO     --------------------------
2026-07-07 15:44:15,347 INFO     Total Circulars Found : 20
2026-07-07 15:44:15,348 INFO     Already Processed     : 17
2026-07-07 15:44:15,348 INFO     Downloaded            : 3
2026-07-07 15:44:15,348 INFO     Failed                : 0
2026-07-07 15:55:06,095 INFO     
2026-07-07 15:55:06,096 INFO     ========== BSE ==========
2026-07-07 15:55:07,521 INFO     Total Circulars Found : 20
2026-07-07 15:55:09,236 INFO     Already Processed     : 20
2026-07-07 15:55:09,236 INFO     No new circulars found.
2026-07-07 15:58:57,805 INFO     
2026-07-07 15:58:57,806 INFO     ========== BSE ==========
2026-07-07 15:58:58,665 INFO     Total Circulars Found : 20
2026-07-07 15:59:00,442 INFO     Already Processed     : 20
2026-07-07 15:59:00,442 INFO     No new circulars found.
2026-07-07 16:09:57,641 INFO     
2026-07-07 16:09:57,642 INFO     ========== BSE ==========
2026-07-07 16:09:58,514 INFO     Total Circulars Found : 20
2026-07-07 16:10:00,247 INFO     Already Processed     : 20
2026-07-07 16:10:00,248 INFO     No new circulars found.
2026-07-07 17:35:43,180 INFO     
2026-07-07 17:35:43,181 INFO     ========== BSE ==========
2026-07-07 17:35:43,779 INFO     Total Circulars Found : 26
2026-07-07 17:35:44,697 INFO     Already Processed     : 26
2026-07-07 17:35:44,697 INFO     No new circulars found.
2026-07-08 09:43:03,082 INFO     
2026-07-08 09:43:03,082 INFO     ========== BSE ==========
2026-07-08 09:43:04,191 INFO     Total Circulars Found : 0
2026-07-08 09:43:04,192 INFO     Already Processed     : 0
2026-07-08 09:43:04,192 INFO     No new circulars found.
