2026-07-15 10:39:22,295 INFO     
2026-07-15 10:39:22,295 INFO     ========== CKYC ==========
2026-07-15 10:39:23,129 INFO     Running CKYC extractor...
2026-07-15 10:39:25,324 INFO     Total Documents Found : 25
2026-07-15 10:39:25,324 INFO     Already Processed     : 23
2026-07-15 10:39:25,325 INFO     Downloading : helpdesk-query-form_2ca9e50b.pdf
2026-07-15 10:39:26,072 ERROR    Failed : helpdesk-query-form_2ca9e50b.pdf
Traceback (most recent call last):
  File "C:\ISEC\PDF_Downloader_Automation\extractors\ckyc.py", line 84, in download_documents
    response.raise_for_status()
    ~~~~~~~~~~~~~~~~~~~~~~~~~^^
  File "C:\Users\admin\AppData\Local\Programs\Python\Python314\Lib\site-packages\requests\models.py", line 1026, in raise_for_status
    raise HTTPError(http_error_msg, response=self)
requests.exceptions.HTTPError: 404 Client Error: Not Found for url: https://www.ckycindia.in/assets/images/helpdesk-query-form.pdf
2026-07-15 10:39:26,108 INFO     Downloading : Holidaylist2026_4444ee22.pdf
2026-07-15 10:39:26,930 ERROR    Failed : Holidaylist2026_4444ee22.pdf
Traceback (most recent call last):
  File "C:\ISEC\PDF_Downloader_Automation\extractors\ckyc.py", line 84, in download_documents
    response.raise_for_status()
    ~~~~~~~~~~~~~~~~~~~~~~~~~^^
  File "C:\Users\admin\AppData\Local\Programs\Python\Python314\Lib\site-packages\requests\models.py", line 1026, in raise_for_status
    raise HTTPError(http_error_msg, response=self)
requests.exceptions.HTTPError: 404 Client Error: Not Found for url: https://www.ckycindia.in/assets/doc/Holidaylist2026.pdf
2026-07-15 10:39:26,935 INFO     
2026-07-15 10:39:26,935 INFO     CKYC Summary
2026-07-15 10:39:26,935 INFO     -------------------------
2026-07-15 10:39:26,936 INFO     Total Documents Found : 25
2026-07-15 10:39:26,936 INFO     Already Processed     : 23
2026-07-15 10:39:26,936 INFO     Downloaded            : 0
2026-07-15 10:39:26,937 INFO     Failed                : 2
2026-07-20 16:11:27,597 INFO     
2026-07-20 16:11:27,598 INFO     ========== CKYC ==========
2026-07-20 16:11:28,002 INFO     Running CKYC extractor...
2026-07-20 16:11:28,925 INFO     Total Documents Found : 25
2026-07-20 16:11:28,925 INFO     Already Processed     : 23
2026-07-20 16:11:28,925 INFO     Downloading : helpdesk-query-form_2ca9e50b.pdf
2026-07-20 16:11:29,530 ERROR    Failed : helpdesk-query-form_2ca9e50b.pdf
Traceback (most recent call last):
  File "C:\ISEC\PDF_Downloader_Automation\extractors\ckyc.py", line 84, in download_documents
    response.raise_for_status()
    ~~~~~~~~~~~~~~~~~~~~~~~~~^^
  File "C:\Users\admin\AppData\Local\Programs\Python\Python314\Lib\site-packages\requests\models.py", line 1026, in raise_for_status
    raise HTTPError(http_error_msg, response=self)
requests.exceptions.HTTPError: 404 Client Error: Not Found for url: https://www.ckycindia.in/assets/images/helpdesk-query-form.pdf
2026-07-20 16:11:29,547 INFO     Downloading : Holidaylist2026_4444ee22.pdf
2026-07-20 16:11:30,082 ERROR    Failed : Holidaylist2026_4444ee22.pdf
Traceback (most recent call last):
  File "C:\ISEC\PDF_Downloader_Automation\extractors\ckyc.py", line 84, in download_documents
    response.raise_for_status()
    ~~~~~~~~~~~~~~~~~~~~~~~~~^^
  File "C:\Users\admin\AppData\Local\Programs\Python\Python314\Lib\site-packages\requests\models.py", line 1026, in raise_for_status
    raise HTTPError(http_error_msg, response=self)
requests.exceptions.HTTPError: 404 Client Error: Not Found for url: https://www.ckycindia.in/assets/doc/Holidaylist2026.pdf
2026-07-20 16:11:30,084 INFO     
2026-07-20 16:11:30,085 INFO     CKYC Summary
2026-07-20 16:11:30,085 INFO     -------------------------
2026-07-20 16:11:30,085 INFO     Total Documents Found : 25
2026-07-20 16:11:30,085 INFO     Already Processed     : 23
2026-07-20 16:11:30,085 INFO     Downloaded            : 0
2026-07-20 16:11:30,085 INFO     Failed                : 2
2026-07-20 16:50:58,049 INFO     
2026-07-20 16:50:58,050 INFO     ========== CKYC ==========
2026-07-20 16:50:58,587 INFO     Running CKYC extractor...
2026-07-20 16:50:59,484 INFO     Total Documents Found : 25
2026-07-20 16:50:59,484 INFO     Already Processed     : 23
2026-07-20 16:50:59,484 INFO     Downloading : helpdesk-query-form_2ca9e50b.pdf
2026-07-20 16:51:11,002 ERROR    Failed : helpdesk-query-form_2ca9e50b.pdf
Traceback (most recent call last):
  File "C:\ISEC\PDF_Downloader_Automation\extractors\ckyc.py", line 84, in download_documents
    response.raise_for_status()
    ~~~~~~~~~~~~~~~~~~~~~~~~~^^
  File "C:\Users\admin\AppData\Local\Programs\Python\Python314\Lib\site-packages\requests\models.py", line 1026, in raise_for_status
    raise HTTPError(http_error_msg, response=self)
requests.exceptions.HTTPError: 404 Client Error: Not Found for url: https://www.ckycindia.in/assets/images/helpdesk-query-form.pdf
2026-07-20 16:51:11,005 INFO     Downloading : Holidaylist2026_4444ee22.pdf
2026-07-20 16:51:11,467 ERROR    Failed : Holidaylist2026_4444ee22.pdf
Traceback (most recent call last):
  File "C:\ISEC\PDF_Downloader_Automation\extractors\ckyc.py", line 84, in download_documents
    response.raise_for_status()
    ~~~~~~~~~~~~~~~~~~~~~~~~~^^
  File "C:\Users\admin\AppData\Local\Programs\Python\Python314\Lib\site-packages\requests\models.py", line 1026, in raise_for_status
    raise HTTPError(http_error_msg, response=self)
requests.exceptions.HTTPError: 404 Client Error: Not Found for url: https://www.ckycindia.in/assets/doc/Holidaylist2026.pdf
2026-07-20 16:51:11,469 INFO     
2026-07-20 16:51:11,469 INFO     CKYC Summary
2026-07-20 16:51:11,470 INFO     -------------------------
2026-07-20 16:51:11,470 INFO     Total Documents Found : 25
2026-07-20 16:51:11,470 INFO     Already Processed     : 23
2026-07-20 16:51:11,470 INFO     Downloaded            : 0
2026-07-20 16:51:11,470 INFO     Failed                : 2
2026-07-21 11:09:11,102 INFO     
2026-07-21 11:09:11,103 INFO     ========== CKYC ==========
2026-07-21 11:09:11,778 INFO     Running CKYC extractor...
2026-07-21 11:09:13,797 INFO     Total Documents Found : 25
2026-07-21 11:09:13,798 INFO     Already Processed     : 23
2026-07-21 11:09:13,798 INFO     Downloading : helpdesk-query-form_2ca9e50b.pdf
2026-07-21 11:09:14,444 ERROR    Failed : helpdesk-query-form_2ca9e50b.pdf
Traceback (most recent call last):
  File "C:\ISEC\PDF_Downloader_Automation\extractors\ckyc.py", line 84, in download_documents
    response.raise_for_status()
    ~~~~~~~~~~~~~~~~~~~~~~~~~^^
  File "C:\Users\admin\AppData\Local\Programs\Python\Python314\Lib\site-packages\requests\models.py", line 1026, in raise_for_status
    raise HTTPError(http_error_msg, response=self)
requests.exceptions.HTTPError: 404 Client Error: Not Found for url: https://www.ckycindia.in/assets/images/helpdesk-query-form.pdf
2026-07-21 11:09:14,496 INFO     Downloading : Holidaylist2026_4444ee22.pdf
2026-07-21 11:09:15,198 ERROR    Failed : Holidaylist2026_4444ee22.pdf
Traceback (most recent call last):
  File "C:\ISEC\PDF_Downloader_Automation\extractors\ckyc.py", line 84, in download_documents
    response.raise_for_status()
    ~~~~~~~~~~~~~~~~~~~~~~~~~^^
  File "C:\Users\admin\AppData\Local\Programs\Python\Python314\Lib\site-packages\requests\models.py", line 1026, in raise_for_status
    raise HTTPError(http_error_msg, response=self)
requests.exceptions.HTTPError: 404 Client Error: Not Found for url: https://www.ckycindia.in/assets/doc/Holidaylist2026.pdf
2026-07-21 11:09:15,201 INFO     
2026-07-21 11:09:15,201 INFO     CKYC Summary
2026-07-21 11:09:15,201 INFO     -------------------------
2026-07-21 11:09:15,201 INFO     Total Documents Found : 25
2026-07-21 11:09:15,202 INFO     Already Processed     : 23
2026-07-21 11:09:15,202 INFO     Downloaded            : 0
2026-07-21 11:09:15,202 INFO     Failed                : 2
2026-07-21 14:43:27,065 INFO     
2026-07-21 14:43:27,066 INFO     ========== CKYC ==========
2026-07-21 14:43:27,694 INFO     Running CKYC extractor...
2026-07-21 14:43:28,767 INFO     Total Documents Found : 25
2026-07-21 14:43:28,767 INFO     Already Processed     : 23
2026-07-21 14:43:28,767 INFO     Downloading : helpdesk-query-form_2ca9e50b.pdf
2026-07-21 14:43:29,149 ERROR    Failed : helpdesk-query-form_2ca9e50b.pdf
Traceback (most recent call last):
  File "C:\ISEC\PDF_Downloader_Automation\extractors\ckyc.py", line 84, in download_documents
    response.raise_for_status()
    ~~~~~~~~~~~~~~~~~~~~~~~~~^^
  File "C:\Users\admin\AppData\Local\Programs\Python\Python314\Lib\site-packages\requests\models.py", line 1026, in raise_for_status
    raise HTTPError(http_error_msg, response=self)
requests.exceptions.HTTPError: 404 Client Error: Not Found for url: https://www.ckycindia.in/assets/images/helpdesk-query-form.pdf
2026-07-21 14:43:29,169 INFO     Downloading : Holidaylist2026_4444ee22.pdf
2026-07-21 14:43:29,624 ERROR    Failed : Holidaylist2026_4444ee22.pdf
Traceback (most recent call last):
  File "C:\ISEC\PDF_Downloader_Automation\extractors\ckyc.py", line 84, in download_documents
    response.raise_for_status()
    ~~~~~~~~~~~~~~~~~~~~~~~~~^^
  File "C:\Users\admin\AppData\Local\Programs\Python\Python314\Lib\site-packages\requests\models.py", line 1026, in raise_for_status
    raise HTTPError(http_error_msg, response=self)
requests.exceptions.HTTPError: 404 Client Error: Not Found for url: https://www.ckycindia.in/assets/doc/Holidaylist2026.pdf
2026-07-21 14:43:29,626 INFO     
2026-07-21 14:43:29,626 INFO     CKYC Summary
2026-07-21 14:43:29,626 INFO     -------------------------
2026-07-21 14:43:29,627 INFO     Total Documents Found : 25
2026-07-21 14:43:29,627 INFO     Already Processed     : 23
2026-07-21 14:43:29,627 INFO     Downloaded            : 0
2026-07-21 14:43:29,627 INFO     Failed                : 2
2026-07-22 11:03:32,627 INFO     
2026-07-22 11:03:32,628 INFO     ========== CKYC ==========
2026-07-22 11:03:32,995 INFO     Running CKYC extractor...
2026-07-22 11:03:33,981 INFO     Total Documents Found : 25
2026-07-22 11:03:33,981 INFO     Already Processed     : 23
2026-07-22 11:03:33,981 INFO     Downloading : helpdesk-query-form_2ca9e50b.pdf
2026-07-22 11:03:35,200 ERROR    Failed : helpdesk-query-form_2ca9e50b.pdf
Traceback (most recent call last):
  File "C:\ISEC\PDF_Downloader_Automation\extractors\ckyc.py", line 84, in download_documents
    response.raise_for_status()
    ~~~~~~~~~~~~~~~~~~~~~~~~~^^
  File "C:\Users\admin\AppData\Local\Programs\Python\Python314\Lib\site-packages\requests\models.py", line 1026, in raise_for_status
    raise HTTPError(http_error_msg, response=self)
requests.exceptions.HTTPError: 404 Client Error: Not Found for url: https://www.ckycindia.in/assets/images/helpdesk-query-form.pdf
2026-07-22 11:03:35,225 INFO     Downloading : Holidaylist2026_4444ee22.pdf
2026-07-22 11:03:36,529 ERROR    Failed : Holidaylist2026_4444ee22.pdf
Traceback (most recent call last):
  File "C:\ISEC\PDF_Downloader_Automation\extractors\ckyc.py", line 84, in download_documents
    response.raise_for_status()
    ~~~~~~~~~~~~~~~~~~~~~~~~~^^
  File "C:\Users\admin\AppData\Local\Programs\Python\Python314\Lib\site-packages\requests\models.py", line 1026, in raise_for_status
    raise HTTPError(http_error_msg, response=self)
requests.exceptions.HTTPError: 404 Client Error: Not Found for url: https://www.ckycindia.in/assets/doc/Holidaylist2026.pdf
2026-07-22 11:03:36,531 INFO     
2026-07-22 11:03:36,532 INFO     CKYC Summary
2026-07-22 11:03:36,532 INFO     -------------------------
2026-07-22 11:03:36,532 INFO     Total Documents Found : 25
2026-07-22 11:03:36,532 INFO     Already Processed     : 23
2026-07-22 11:03:36,532 INFO     Downloaded            : 0
2026-07-22 11:03:36,532 INFO     Failed                : 2
