2026-07-07 15:16:03,896 INFO     
2026-07-07 15:16:03,897 INFO     ========== MCX ==========
2026-07-07 15:16:03,898 INFO     Fetching page 1
2026-07-07 15:16:05,638 INFO     Page 1/0
2026-07-07 15:16:05,642 INFO     Total Circulars Found : 0
2026-07-07 15:16:05,642 INFO     Already Processed     : 0
2026-07-07 15:16:05,643 INFO     No new circulars found.
2026-07-07 15:19:05,749 INFO     
2026-07-07 15:19:05,750 INFO     ========== MCX ==========
2026-07-07 15:19:05,751 INFO     Fetching page 1
2026-07-07 15:19:07,397 INFO     Page 1/0
2026-07-07 15:19:07,401 INFO     Total Circulars Found : 0
2026-07-07 15:19:07,401 INFO     Already Processed     : 0
2026-07-07 15:19:07,402 INFO     No new circulars found.
2026-07-07 15:22:51,812 INFO     
2026-07-07 15:22:51,813 INFO     ========== MCX ==========
2026-07-07 15:22:51,813 INFO     Fetching page 1
2026-07-07 15:22:53,508 INFO     Page 1/0
2026-07-07 15:22:53,511 INFO     Total Circulars Found : 0
2026-07-07 15:22:53,511 INFO     Already Processed     : 0
2026-07-07 15:22:53,512 INFO     No new circulars found.
2026-07-07 15:29:24,103 INFO     
2026-07-07 15:29:24,104 INFO     ========== MCX ==========
2026-07-07 15:29:24,104 INFO     Fetching page 1
2026-07-07 15:29:25,732 INFO     Page 1/0
2026-07-07 15:29:25,736 INFO     Total Circulars Found : 0
2026-07-07 15:29:25,736 INFO     Already Processed     : 0
2026-07-07 15:29:25,737 INFO     No new circulars found.
2026-07-07 15:31:49,667 INFO     
2026-07-07 15:31:49,668 INFO     ========== MCX ==========
2026-07-07 15:31:49,668 INFO     Fetching page 1
2026-07-07 15:31:51,366 INFO     Page 1/0
2026-07-07 15:31:51,370 INFO     Total Circulars Found : 0
2026-07-07 15:31:51,370 INFO     Already Processed     : 0
2026-07-07 15:31:51,370 INFO     No new circulars found.
2026-07-07 15:45:15,375 INFO     
2026-07-07 15:45:15,376 INFO     ========== MCX ==========
2026-07-07 15:45:15,376 INFO     Fetching page 1
2026-07-07 15:45:17,171 INFO     Page 1/0
2026-07-07 15:45:17,174 INFO     Total Circulars Found : 0
2026-07-07 15:45:17,174 INFO     Already Processed     : 0
2026-07-07 15:45:17,175 INFO     No new circulars found.
2026-07-07 15:56:07,145 INFO     
2026-07-07 15:56:07,149 INFO     ========== MCX ==========
2026-07-07 15:56:07,150 INFO     Fetching page 1
2026-07-07 15:56:08,731 INFO     Page 1/0
2026-07-07 15:56:08,733 INFO     Total Circulars Found : 0
2026-07-07 15:56:08,733 INFO     Already Processed     : 0
2026-07-07 15:56:08,734 INFO     No new circulars found.
2026-07-07 15:59:59,656 INFO     
2026-07-07 15:59:59,657 INFO     ========== MCX ==========
2026-07-07 15:59:59,658 INFO     Fetching page 1
2026-07-07 16:00:01,307 INFO     Page 1/0
2026-07-07 16:00:01,310 INFO     Total Circulars Found : 0
2026-07-07 16:00:01,310 INFO     Already Processed     : 0
2026-07-07 16:00:01,310 INFO     No new circulars found.
