2026-07-15 10:38:27,223 INFO     
2026-07-15 10:38:27,224 INFO     ========== NSE ==========
2026-07-15 10:38:28,880 INFO     Total Circulars Found : 1
2026-07-15 10:38:29,528 INFO     Already Processed     : 0
2026-07-15 10:38:29,529 INFO     Saving : NSE_NMF_75168_Launch of Abakkus Large & Mid Cap Fund NFO on NSE MF Invest Platform.pdf
2026-07-15 10:38:29,678 INFO     
2026-07-15 10:38:29,679 INFO     NSE Summary
2026-07-15 10:38:29,679 INFO     -------------------------
2026-07-15 10:38:29,679 INFO     Total Circulars Found : 1
2026-07-15 10:38:29,680 INFO     Already Processed     : 0
2026-07-15 10:38:29,680 INFO     Downloaded            : 1
2026-07-15 10:38:29,680 INFO     Failed                : 0
2026-07-20 16:11:16,191 INFO     
2026-07-20 16:11:16,191 INFO     ========== NSE ==========
2026-07-20 16:11:17,148 INFO     Total Circulars Found : 3
2026-07-20 16:11:17,608 INFO     Already Processed     : 0
2026-07-20 16:11:17,609 INFO     Saving : NSE_CML_75266_Listing of Equity Shares of Alpine Texworld Limited (IPO).pdf
2026-07-20 16:11:17,731 INFO     Saving : NSE_CMTR_75253_Buyback Offer under Tender Offer scheme by Orbit Exports Limited.pdf
2026-07-20 16:11:17,825 INFO     Saving : NSE_CML_75252_Listing of Equity Shares of SBI Funds Management Limited (IPO).pdf
2026-07-20 16:11:17,906 INFO     
2026-07-20 16:11:17,907 INFO     NSE Summary
2026-07-20 16:11:17,907 INFO     -------------------------
2026-07-20 16:11:17,907 INFO     Total Circulars Found : 3
2026-07-20 16:11:17,907 INFO     Already Processed     : 0
2026-07-20 16:11:17,907 INFO     Downloaded            : 3
2026-07-20 16:11:17,908 INFO     Failed                : 0
2026-07-20 16:50:23,865 INFO     
2026-07-20 16:50:23,866 INFO     ========== NSE ==========
2026-07-20 16:50:35,733 INFO     Total Circulars Found : 6
2026-07-20 16:50:36,049 INFO     Already Processed     : 0
2026-07-20 16:50:36,049 INFO     Saving : NCL_CMPT_75273_Settlement Calendar for Buyback Offer under Tender offer scheme by Orbit Exports limited..pdf
2026-07-20 16:50:36,098 INFO     Saving : NCL_CMPT_75270_Early Pay-in of Securities for P S Raj Steels Limited (PSRAJ).pdf
2026-07-20 16:50:36,143 INFO     Saving : NCL_CMPT_75268_Early Pay-in of Securities for Pondy Oxides & Chemicals Limited (POCL).pdf
2026-07-20 16:50:36,186 INFO     Saving : NSE_CML_75266_Listing of Equity Shares of Alpine Texworld Limited (IPO).pdf
2026-07-20 16:50:36,231 INFO     Saving : NSE_CMTR_75253_Buyback Offer under Tender Offer scheme by Orbit Exports Limited.pdf
2026-07-20 16:50:36,274 INFO     Saving : NSE_CML_75252_Listing of Equity Shares of SBI Funds Management Limited (IPO).pdf
2026-07-20 16:50:36,322 INFO     
2026-07-20 16:50:36,322 INFO     NSE Summary
2026-07-20 16:50:36,322 INFO     -------------------------
2026-07-20 16:50:36,322 INFO     Total Circulars Found : 6
2026-07-20 16:50:36,322 INFO     Already Processed     : 0
2026-07-20 16:50:36,322 INFO     Downloaded            : 6
2026-07-20 16:50:36,323 INFO     Failed                : 0
2026-07-21 11:08:53,518 INFO     
2026-07-21 11:08:53,518 INFO     ========== NSE ==========
2026-07-21 11:08:54,678 INFO     Total Circulars Found : 2
2026-07-21 11:08:55,139 INFO     Already Processed     : 0
2026-07-21 11:08:55,140 INFO     Saving : NSE_NMF_75281_Change in minimum amount under Systematic Investment Plan (SIP) in certain Schemes of Bank of India .zip
2026-07-21 11:08:55,258 INFO     Saving : NSE_NMF_75267_Launch of AlphaGrep Flexi Cap Fund NFO on NSE MF Invest Platform.pdf
2026-07-21 11:08:55,349 INFO     
2026-07-21 11:08:55,350 INFO     NSE Summary
2026-07-21 11:08:55,350 INFO     -------------------------
2026-07-21 11:08:55,350 INFO     Total Circulars Found : 2
2026-07-21 11:08:55,350 INFO     Already Processed     : 0
2026-07-21 11:08:55,351 INFO     Downloaded            : 2
2026-07-21 11:08:55,351 INFO     Failed                : 0
2026-07-21 14:43:14,796 INFO     
2026-07-21 14:43:14,796 INFO     ========== NSE ==========
2026-07-21 14:43:15,673 INFO     Total Circulars Found : 4
2026-07-21 14:43:16,068 INFO     Already Processed     : 2
2026-07-21 14:43:16,068 INFO     Saving : NCL_CMPT_75303_CBRICS - Settlement Calendar for August 2026.pdf
2026-07-21 14:43:16,137 INFO     Saving : NCL_CMPT_75298_Clearing, Settlement and Risk Management - Nifty India FPI 150 Index.pdf
2026-07-21 14:43:16,191 INFO     
2026-07-21 14:43:16,192 INFO     NSE Summary
2026-07-21 14:43:16,192 INFO     -------------------------
2026-07-21 14:43:16,192 INFO     Total Circulars Found : 4
2026-07-21 14:43:16,192 INFO     Already Processed     : 2
2026-07-21 14:43:16,192 INFO     Downloaded            : 2
2026-07-21 14:43:16,192 INFO     Failed                : 0
2026-07-22 11:03:24,567 INFO     
2026-07-22 11:03:24,567 INFO     ========== NSE ==========
2026-07-22 11:03:25,344 INFO     Total Circulars Found : 0
2026-07-22 11:03:25,344 INFO     Already Processed     : 0
2026-07-22 11:03:25,344 INFO     No new circulars found.
