2026-07-07 15:16:17,044 INFO     ─── Scraping PFRDA ───
2026-07-07 15:16:18,126 INFO     Page 1 : 10 cards
2026-07-07 15:16:20,129 INFO       ✔  Saved  C:\ISEC\PDF_Downloader_Automation\downloads\PFRDA\2026-07-07\Audit of Points of Presence performing activities of Atal Pension Yojana (PoPs-APY) Point of Presence Ref_ PFRDA_2026_37_SUP-POP_06 Issue Date_ 17-06-2026.pdf
2026-07-07 15:19:18,469 INFO     ─── Scraping PFRDA ───
2026-07-07 15:19:19,645 INFO     Page 1 : 10 cards
2026-07-07 15:19:27,445 INFO       ✔  Saved  C:\ISEC\PDF_Downloader_Automation\downloads\PFRDA\2026-07-07\Audit of Points of Presence performing activities of Atal Pension Yojana (PoPs-APY) Point of Presence Ref_ PFRDA_2026_37_SUP-POP_06 Issue Date_ 17-06-2026.pdf
2026-07-07 15:23:04,233 INFO     ─── Scraping PFRDA ───
2026-07-07 15:23:05,385 INFO     Page 1 : 10 cards
2026-07-07 15:23:07,190 INFO       ✔  Saved  C:\ISEC\PDF_Downloader_Automation\downloads\PFRDA\2026-07-07\Audit of Points of Presence performing activities of Atal Pension Yojana (PoPs-APY) Point of Presence Ref_ PFRDA_2026_37_SUP-POP_06 Issue Date_ 17-06-2026.pdf
2026-07-07 15:29:38,186 INFO     ─── Scraping PFRDA ───
2026-07-07 15:29:39,262 INFO     Page 1 : 10 cards
2026-07-07 15:29:41,319 INFO       ✔  Saved  C:\ISEC\PDF_Downloader_Automation\downloads\PFRDA\2026-07-07\Audit of Points of Presence performing activities of Atal Pension Yojana (PoPs-APY) Point of Presence Ref_ PFRDA_2026_37_SUP-POP_06 Issue Date_ 17-06-2026.pdf
2026-07-07 15:32:02,926 INFO     ─── Scraping PFRDA ───
2026-07-07 15:32:03,947 INFO     Page 1 : 10 cards
2026-07-07 15:32:06,051 INFO       ✔  Saved  C:\ISEC\PDF_Downloader_Automation\downloads\PFRDA\2026-07-07\Audit of Points of Presence performing activities of Atal Pension Yojana (PoPs-APY) Point of Presence Ref_ PFRDA_2026_37_SUP-POP_06 Issue Date_ 17-06-2026.pdf
2026-07-07 15:45:28,892 INFO     ─── Scraping PFRDA ───
2026-07-07 15:45:29,945 INFO     Page 1 : 10 cards
2026-07-07 15:45:41,156 INFO     Opening https://pfrda.org.in/regulatory-framework/circulars/active-circulars?delta=10&start=2
2026-07-07 15:45:42,233 INFO     Page 2 : 10 cards
2026-07-07 15:45:52,856 INFO     Opening https://pfrda.org.in/regulatory-framework/circulars/active-circulars?delta=10&start=3
2026-07-07 15:45:53,856 INFO     Page 3 : 10 cards
2026-07-07 15:46:05,055 INFO     PFRDA → found 30 PDFs, downloaded 0 new
2026-07-07 15:56:19,874 INFO     ─── Scraping PFRDA ───
2026-07-07 15:56:20,838 INFO     Page 1 : 10 cards
2026-07-07 15:56:31,752 INFO     Opening https://pfrda.org.in/regulatory-framework/circulars/active-circulars?delta=10&start=2
2026-07-07 15:56:32,767 INFO     Page 2 : 10 cards
2026-07-07 15:56:43,032 INFO     Opening https://pfrda.org.in/regulatory-framework/circulars/active-circulars?delta=10&start=3
2026-07-07 15:56:44,075 INFO     Page 3 : 10 cards
2026-07-07 15:56:56,226 INFO     PFRDA → found 30 PDFs, downloaded 0 new
2026-07-07 16:00:12,913 INFO     ─── Scraping PFRDA ───
2026-07-07 16:00:13,959 INFO     Page 1 : 10 cards
2026-07-07 16:00:24,861 INFO     Opening https://pfrda.org.in/regulatory-framework/circulars/active-circulars?delta=10&start=2
2026-07-07 16:00:25,886 INFO     Page 2 : 10 cards
2026-07-07 16:00:35,868 INFO     Opening https://pfrda.org.in/regulatory-framework/circulars/active-circulars?delta=10&start=3
2026-07-07 16:00:36,852 INFO     Page 3 : 10 cards
2026-07-07 16:00:47,083 INFO     PFRDA → found 30 PDFs, downloaded 0 new
