2026-06-29 16:16:20,213 INFO       ✔  Saved  C:\ISEC\PDF_Downloader_Automation\downloads\SEBI\2026-06-29\ease-of-doing-business-relaxation-in-certification-requirement-for-persons-associated-with-investment-advice-paia-sales-and-other-non-core-services_102385.html
2026-06-29 16:16:20,688 INFO       ✔  Saved  C:\ISEC\PDF_Downloader_Automation\downloads\SEBI\2026-06-29\clarification-with-respect-to-applicability-of-the-benefit-of-early-pay-in-in-commodity-derivatives-segment_102229.html
2026-06-29 16:16:21,101 INFO       ✔  Saved  C:\ISEC\PDF_Downloader_Automation\downloads\SEBI\2026-06-29\guidelines-for-winding-up-of-aifs-with-respect-to-retention-of-proceeds-and-inoperative-fund-status_102171.html
2026-06-29 16:16:21,499 INFO       ✔  Saved  C:\ISEC\PDF_Downloader_Automation\downloads\SEBI\2026-06-29\norms-for-base-price-price-bands-call-auction-in-pre-open-session-and-close-out-procedure-for-exchange-traded-funds-etfs-_102121.html
2026-06-29 16:16:21,923 INFO       ✔  Saved  C:\ISEC\PDF_Downloader_Automation\downloads\SEBI\2026-06-29\extension-of-timelines-for-compliance-with-certain-provisions-of-circular-dated-january-02-2026_102083.html
2026-06-29 16:16:22,328 INFO       ✔  Saved  C:\ISEC\PDF_Downloader_Automation\downloads\SEBI\2026-06-29\ease-of-doing-investments-modified-norms-for-nomination-in-demat-accounts-and-mutual-fund-folios_101703.html
2026-06-29 16:16:22,752 INFO       ✔  Saved  C:\ISEC\PDF_Downloader_Automation\downloads\SEBI\2026-06-29\revision-of-monthly-cumulative-report-mcr-format_101522.html
2026-06-29 16:16:23,134 INFO       ✔  Saved  C:\ISEC\PDF_Downloader_Automation\downloads\SEBI\2026-06-29\status-of-spvs-post-conclusion-or-termination-of-concession-agreement_101467.html
2026-06-29 16:16:23,573 INFO       ✔  Saved  C:\ISEC\PDF_Downloader_Automation\downloads\SEBI\2026-06-29\permitted-use-of-fresh-borrowings-for-invits-where-net-borrowings-exceeds-forty-nine-percent-of-the-value-of-invit-assets_101465.html
2026-06-29 16:16:23,963 INFO       ✔  Saved  C:\ISEC\PDF_Downloader_Automation\downloads\SEBI\2026-06-29\norms-for-sharing-and-usage-of-price-data-for-educational-purposes_101293.html
2026-06-29 16:16:24,380 INFO       ✔  Saved  C:\ISEC\PDF_Downloader_Automation\downloads\SEBI\2026-06-29\discontinuation-of-investor-risk-reduction-access-irra-platform_101300.html
2026-06-29 16:16:25,845 INFO       ✔  Saved  C:\ISEC\PDF_Downloader_Automation\downloads\SEBI\2026-06-29\-significant-indices-under-sebi-index-providers-regulations-2024_101271.html
2026-06-29 16:16:26,231 INFO       ✔  Saved  C:\ISEC\PDF_Downloader_Automation\downloads\SEBI\2026-06-29\advisory-on-emerging-advanced-artificial-intelligence-ai-tools-for-vulnerability-detection_101270.html
2026-06-29 16:16:26,611 INFO       ✔  Saved  C:\ISEC\PDF_Downloader_Automation\downloads\SEBI\2026-06-29\fast-track-mechanism-for-processing-of-placement-memorandum-of-aifs-filed-with-sebi_101213.html
2026-06-29 16:16:27,089 INFO       ✔  Saved  C:\ISEC\PDF_Downloader_Automation\downloads\SEBI\2026-06-29\operationalisation-of-past-risk-and-return-verification-agency-parrva-_101185.html
2026-06-29 16:16:27,539 INFO       ✔  Saved  C:\ISEC\PDF_Downloader_Automation\downloads\SEBI\2026-06-29\extension-of-timeline-for-compliance-with-terms-and-conditions-by-debenture-trustees-for-carrying-out-activities-outside-the-purview-of-sebi_101152.html
2026-06-29 16:16:27,946 INFO       ✔  Saved  C:\ISEC\PDF_Downloader_Automation\downloads\SEBI\2026-06-29\framework-for-net-settlement-of-funds-for-transactions-done-by-foreign-portfolio-investors-fpis-in-cash-market_101090.html
2026-06-29 16:16:28,380 INFO       ✔  Saved  C:\ISEC\PDF_Downloader_Automation\downloads\SEBI\2026-06-29\review-of-requirement-relating-to-registration-for-a-not-for-profit-organization-on-social-stock-exchange-and-minimum-subscription-requirement-for-issuance-of-zero-coupon-zero-principal-instruments_100935.html
2026-06-29 16:16:28,804 INFO       ✔  Saved  C:\ISEC\PDF_Downloader_Automation\downloads\SEBI\2026-06-29\nism-certification-for-social-impact-assessors_100911.html
2026-06-29 16:16:29,226 INFO       ✔  Saved  C:\ISEC\PDF_Downloader_Automation\downloads\SEBI\2026-06-29\ease-of-doing-business-mechanism-for-lock-in-of-pledged-shares-under-sebi-issue-of-capital-and-disclosure-requirements-regulations-2018_100826.html
2026-06-29 16:16:29,660 INFO       ✔  Saved  C:\ISEC\PDF_Downloader_Automation\downloads\SEBI\2026-06-29\relaxation-from-the-applicability-of-sebi-master-circular-for-compliance-with-the-provisions-of-the-sebi-listing-obligations-and-disclosure-requirements-regulations-2015-on-non-compliance-with-the-_100787.html
2026-06-29 16:16:30,295 INFO       ✔  Saved  C:\ISEC\PDF_Downloader_Automation\downloads\SEBI\2026-06-29\one-time-relaxation-with-respect-to-validity-of-sebi-observations_100786.html
2026-06-29 16:16:30,681 INFO       ✔  Saved  C:\ISEC\PDF_Downloader_Automation\downloads\SEBI\2026-06-29\clarification-regarding-eligibility-of-members-of-the-institute-of-cost-accountants-of-india-to-conduct-annual-audit-of-research-analysts_100565.html
2026-06-29 16:16:31,098 INFO       ✔  Saved  C:\ISEC\PDF_Downloader_Automation\downloads\SEBI\2026-06-29\clarification-regarding-eligibility-of-members-of-the-institute-of-cost-accountants-of-india-to-conduct-annual-audit-of-investment-advisers_100561.html
2026-06-29 16:16:31,479 INFO       ✔  Saved  C:\ISEC\PDF_Downloader_Automation\downloads\SEBI\2026-06-29\addendum-to-sebi-circular-on-borrowing-by-mutual-funds_100560.html
2026-06-29 16:16:31,481 INFO     SEBI → found 25 table links, downloaded 25 new
2026-06-29 16:34:11,365 INFO     SEBI → found 25 table links, downloaded 0 new
2026-06-29 16:38:27,362 INFO     SEBI → found 25 table links, downloaded 0 new
2026-06-29 16:41:19,259 INFO     SEBI → found 25 table links, downloaded 0 new
2026-06-29 16:49:42,136 INFO     SEBI → found 25 table links, downloaded 0 new
2026-06-29 16:55:19,474 INFO     SEBI → found 25 table links, downloaded 0 new
2026-06-29 16:59:46,328 INFO     SEBI → found 25 table links, downloaded 0 new
2026-06-30 10:25:50,214 INFO     SEBI → found 25 table links, downloaded 0 new
